// Jest Snapshot v1, https://goo.gl/fbAQLP

exports[`renders without crashing 1`] = `
<div
  className="app"
  data-test="container"
  title="aaron"
>
  Hello World
</div>
`;
